// Jest Snapshot v1, https://goo.gl/fbAQLP

exports[`Render display for calculator 1`] = `ShallowWrapper {}`;
