// Jest Snapshot v1, https://goo.gl/fbAQLP

exports[`Render Keypad for calculator 1`] = `ShallowWrapper {}`;
